// Jest Snapshot v1, https://goo.gl/fbAQLP

exports[`Detail component Snapshot matchs 1`] = `
<mocked
  name="Antd Spin"
  props={
    Object {
      "size": "large",
      "spinning": false,
      "wrapperClassName": "Detail",
    }
  }
>
  <mocked
    name="DetailBasicInformation"
    props={
      Object {
        "artist": "Michael Jackson",
        "title": "Billie Jean",
      }
    }
  />
  <mocked
    name="DetailCover"
    props={
      Object {
        "bigCover": undefined,
      }
    }
  />
  <mocked
    name="DetailControls"
    props={
      Object {
        "preview": "https://audio-ssl.itunes.apple.com/apple-assets-us-std-000001/AudioPreview122/v4/c6/50/11/c6501132-e865-3711-175a-ddb79114e42f/mzaf_3806132797788612279.plus.aac.p.m4a",
      }
    }
  />
  <mocked
    name="DetailPrevNext"
    props={
      Object {
        "changeTrack": [Function],
        "id": 159293848,
      }
    }
  />
  <a
    href="/"
    onClick={[Function]}
  >
    <p
      className="DetailReturnLink"
    >
      Return to search
    </p>
  </a>
  <mocked
    name="DetailShare"
    props={
      Object {
        "artist": "Michael Jackson",
        "title": "Billie Jean",
        "url": "https://itunes.apple.com/us/album/billie-jean/269572838?i=269573364&uo=4",
      }
    }
  />
</mocked>
`;
