// Jest Snapshot v1, https://goo.gl/fbAQLP

exports[`SearchTable component Snapshot matchs 1`] = `
<div
  className="SearchTable"
>
  <mocked
    name="Antd Table"
    props={
      Object {
        "columns": Array [
          Object {
            "className": "SearchTableTitle",
            "dataIndex": "title",
            "key": "title",
            "sorter": [Function],
            "title": "Title",
          },
          Object {
            "className": "SearchTableArtist",
            "dataIndex": "artist",
            "key": "artist",
            "sorter": [Function],
            "title": "Artist",
          },
          Object {
            "className": "SearchTableAlbum",
            "dataIndex": "album",
            "key": "album",
            "sorter": [Function],
            "title": "Album title",
          },
          Object {
            "className": "SearchTableRelease",
            "dataIndex": "release",
            "key": "release",
            "render": [Function],
            "sorter": [Function],
            "title": "Release date",
          },
          Object {
            "className": "SearchTableCover",
            "dataIndex": "cover",
            "key": "cover",
            "render": [Function],
            "title": "Cover",
          },
          Object {
            "className": "SearchTableLenght",
            "dataIndex": "lenght",
            "key": "lenght",
            "render": [Function],
            "sorter": [Function],
            "title": "Lenght",
          },
          Object {
            "className": "SearchTableGenre",
            "dataIndex": "genre",
            "key": "genre",
            "sorter": [Function],
            "title": "Genre",
          },
          Object {
            "className": "SearchTablePrice",
            "dataIndex": "price",
            "key": "price",
            "sorter": [Function],
            "title": "Price",
          },
        ],
        "dataSource": Array [
          Object {
            "album": "Bad",
            "artist": "Michael Jackson",
            "cover": "https://upload.wikimedia.org/wikipedia/ru/thumb/1/12/Michael_Jackson_-_Bad.jpg/220px-Michael_Jackson_-_Bad.jpg",
            "genre": "Funk, dance pop",
            "key": "1",
            "lenght": "4:17",
            "price": "1.07€",
            "release": "21/10/1988",
            "title": "Smooth criminal",
          },
          Object {
            "album": "Thriller",
            "artist": "Michael Jackson",
            "cover": "https://statics.loff.it/wp-content/uploads/2011/10/220px-Michaeljacksonthrilleralbum.jpg",
            "genre": "Post-disco, rhythm and blues, funk, dance-pop",
            "key": "2",
            "lenght": "4:54",
            "price": "0.89€",
            "release": "02/01/1983",
            "title": "Billie Jean",
          },
        ],
        "loading": false,
        "onRow": [Function],
        "pagination": Object {
          "pageSize": 5,
        },
      }
    }
  />
</div>
`;
